| java.awt | 0 | 0 | 2 | 1 | 3 | 0.6666666666666666 | 0.0 | 0.6666666666666666 | 0.0 | NaN | 0.3333333333333333 |
| java.io | 0 | 0 | 22 | 15 | 37 | 0.5945945945945946 | 0.0 | 0.5945945945945946 | 0.0 | NaN | 0.40540540540540543 |
| java.lang | 1 | 0 | 62 | 93 | 156 | 0.40384615384615385 | 0.00641025641025641 | 0.3974358974358974 | 0.0 | 0.0 | 0.5961538461538461 |
| java.lang.invoke | 0 | 0 | 0 | 1 | 1 | 0.0 | 0.0 | 0.0 | NaN | NaN | 1.0 |
| java.lang.reflect | 0 | 0 | 0 | 4 | 4 | 0.0 | 0.0 | 0.0 | NaN | NaN | 1.0 |
| java.math | 0 | 0 | 0 | 16 | 16 | 0.0 | 0.0 | 0.0 | NaN | NaN | 1.0 |
| java.net | 0 | 0 | 5 | 0 | 5 | 1.0 | 0.0 | 1.0 | 0.0 | NaN | 0.0 |
| java.nio | 0 | 0 | 2 | 3 | 5 | 0.4 | 0.0 | 0.4 | 0.0 | NaN | 0.6 |
| java.nio.charset | 0 | 0 | 0 | 1 | 1 | 0.0 | 0.0 | 0.0 | NaN | NaN | 1.0 |
| java.nio.file | 0 | 0 | 7 | 1 | 8 | 0.875 | 0.0 | 0.875 | 0.0 | NaN | 0.125 |
| java.sql | 0 | 0 | 1 | 15 | 16 | 0.0625 | 0.0 | 0.0625 | 0.0 | NaN | 0.9375 |
| java.text | 2 | 0 | 0 | 3 | 5 | 0.4 | 0.4 | 0.0 | NaN | 0.0 | 0.6 |
| java.time | 0 | 0 | 0 | 17 | 17 | 0.0 | 0.0 | 0.0 | NaN | NaN | 1.0 |
| java.time.chrono | 0 | 0 | 0 | 1 | 1 | 0.0 | 0.0 | 0.0 | NaN | NaN | 1.0 |
| java.time.format | 0 | 0 | 0 | 2 | 2 | 0.0 | 0.0 | 0.0 | NaN | NaN | 1.0 |
| java.util | 0 | 0 | 86 | 66 | 152 | 0.5657894736842105 | 0.0 | 0.5657894736842105 | 0.0 | NaN | 0.4342105263157895 |
| java.util.concurrent | 1 | 0 | 9 | 8 | 18 | 0.5555555555555556 | 0.05555555555555555 | 0.5 | 0.0 | 0.0 | 0.4444444444444444 |
| java.util.concurrent.atomic | 0 | 0 | 2 | 11 | 13 | 0.15384615384615385 | 0.0 | 0.15384615384615385 | 0.0 | NaN | 0.8461538461538461 |
| java.util.concurrent.locks | 0 | 0 | 0 | 2 | 2 | 0.0 | 0.0 | 0.0 | NaN | NaN | 1.0 |
| java.util.function | 0 | 0 | 0 | 6 | 6 | 0.0 | 0.0 | 0.0 | NaN | NaN | 1.0 |
| java.util.logging | 0 | 0 | 1 | 1 | 2 | 0.5 | 0.0 | 0.5 | 0.0 | NaN | 0.5 |
| java.util.regex | 0 | 0 | 3 | 1 | 4 | 0.75 | 0.0 | 0.75 | 0.0 | NaN | 0.25 |
| java.util.stream | 1 | 0 | 18 | 7 | 26 | 0.7307692307692307 | 0.038461538461538464 | 0.6923076923076923 | 0.0 | 0.0 | 0.2692307692307692 |
